
Information: Checking generated_clocks...

Information: Checking loops...

Information: Checking no_input_delay...
Warning: The following input ports have no clock_relative delay specified, the command set_input_delay without -clock option will be ignored. (TIM-216)
--------------------
RST_N
n_and_m_load_n[4]
n_and_m_load_n[3]
n_and_m_load_n[2]
n_and_m_load_n[1]
n_and_m_load_n[0]
EN_n_and_m_load
send_transition_data_data[30]
send_transition_data_data[29]
send_transition_data_data[28]
send_transition_data_data[27]
send_transition_data_data[26]
send_transition_data_data[25]
send_transition_data_data[24]
send_transition_data_data[23]
send_transition_data_data[22]
send_transition_data_data[21]
send_transition_data_data[20]
send_transition_data_data[19]
send_transition_data_data[18]
send_transition_data_data[17]
send_transition_data_data[16]
send_transition_data_data[15]
send_transition_data_data[14]
send_transition_data_data[13]
send_transition_data_data[12]
send_transition_data_data[11]
send_transition_data_data[10]
send_transition_data_data[9]
send_transition_data_data[8]
send_transition_data_data[7]
send_transition_data_data[6]
send_transition_data_data[5]
send_transition_data_data[4]
send_transition_data_data[3]
send_transition_data_data[2]
send_transition_data_data[1]
send_transition_data_data[0]
EN_send_transition_data
send_emission_data_data[30]
send_emission_data_data[29]
send_emission_data_data[28]
send_emission_data_data[27]
send_emission_data_data[26]
send_emission_data_data[25]
send_emission_data_data[24]
send_emission_data_data[23]
send_emission_data_data[22]
send_emission_data_data[21]
send_emission_data_data[20]
send_emission_data_data[19]
send_emission_data_data[18]
send_emission_data_data[17]
send_emission_data_data[16]
send_emission_data_data[15]
send_emission_data_data[14]
send_emission_data_data[13]
send_emission_data_data[12]
send_emission_data_data[11]
send_emission_data_data[10]
send_emission_data_data[9]
send_emission_data_data[8]
send_emission_data_data[7]
send_emission_data_data[6]
send_emission_data_data[5]
send_emission_data_data[4]
send_emission_data_data[3]
send_emission_data_data[2]
send_emission_data_data[1]
send_emission_data_data[0]
EN_send_emission_data
send_outcome_data_data[31]
send_outcome_data_data[30]
send_outcome_data_data[29]
send_outcome_data_data[28]
send_outcome_data_data[27]
send_outcome_data_data[26]
send_outcome_data_data[25]
send_outcome_data_data[24]
send_outcome_data_data[23]
send_outcome_data_data[22]
send_outcome_data_data[21]
send_outcome_data_data[20]
send_outcome_data_data[19]
send_outcome_data_data[18]
send_outcome_data_data[17]
send_outcome_data_data[16]
send_outcome_data_data[15]
send_outcome_data_data[14]
send_outcome_data_data[13]
send_outcome_data_data[12]
send_outcome_data_data[11]
send_outcome_data_data[10]
send_outcome_data_data[9]
send_outcome_data_data[8]
send_outcome_data_data[7]
send_outcome_data_data[6]
send_outcome_data_data[5]
send_outcome_data_data[4]
send_outcome_data_data[3]
send_outcome_data_data[2]
send_outcome_data_data[1]
send_outcome_data_data[0]
EN_send_outcome_data
set_read_transition_val
EN_set_read_transition
get_path_0__write_1[4]
get_path_0__write_1[3]
get_path_0__write_1[2]
get_path_0__write_1[1]
get_path_0__write_1[0]
EN_get_path_0__write
get_path_1__write_1[4]
get_path_1__write_1[3]
get_path_1__write_1[2]
get_path_1__write_1[1]
get_path_1__write_1[0]
EN_get_path_1__write
get_path_2__write_1[4]
get_path_2__write_1[3]
get_path_2__write_1[2]
get_path_2__write_1[1]
get_path_2__write_1[0]
EN_get_path_2__write
get_path_3__write_1[4]
get_path_3__write_1[3]
get_path_3__write_1[2]
get_path_3__write_1[1]
get_path_3__write_1[0]
EN_get_path_3__write
get_path_4__write_1[4]
get_path_4__write_1[3]
get_path_4__write_1[2]
get_path_4__write_1[1]
get_path_4__write_1[0]
EN_get_path_4__write
get_path_5__write_1[4]
get_path_5__write_1[3]
get_path_5__write_1[2]
get_path_5__write_1[1]
get_path_5__write_1[0]
EN_get_path_5__write
get_path_6__write_1[4]
get_path_6__write_1[3]
get_path_6__write_1[2]
get_path_6__write_1[1]
get_path_6__write_1[0]
EN_get_path_6__write
get_path_7__write_1[4]
get_path_7__write_1[3]
get_path_7__write_1[2]
get_path_7__write_1[1]
get_path_7__write_1[0]
EN_get_path_7__write
get_path_8__write_1[4]
get_path_8__write_1[3]
get_path_8__write_1[2]
get_path_8__write_1[1]
get_path_8__write_1[0]
EN_get_path_8__write
get_path_9__write_1[4]
get_path_9__write_1[3]
get_path_9__write_1[2]
get_path_9__write_1[1]
get_path_9__write_1[0]
EN_get_path_9__write
get_path_10__write_1[4]
get_path_10__write_1[3]
get_path_10__write_1[2]
get_path_10__write_1[1]
get_path_10__write_1[0]
EN_get_path_10__write
get_path_11__write_1[4]
get_path_11__write_1[3]
get_path_11__write_1[2]
get_path_11__write_1[1]
get_path_11__write_1[0]
EN_get_path_11__write
get_path_12__write_1[4]
get_path_12__write_1[3]
get_path_12__write_1[2]
get_path_12__write_1[1]
get_path_12__write_1[0]
EN_get_path_12__write
get_path_13__write_1[4]
get_path_13__write_1[3]
get_path_13__write_1[2]
get_path_13__write_1[1]
get_path_13__write_1[0]
EN_get_path_13__write
get_path_14__write_1[4]
get_path_14__write_1[3]
get_path_14__write_1[2]
get_path_14__write_1[1]
get_path_14__write_1[0]
EN_get_path_14__write
get_path_15__write_1[4]
get_path_15__write_1[3]
get_path_15__write_1[2]
get_path_15__write_1[1]
get_path_15__write_1[0]
EN_get_path_15__write
get_path_16__write_1[4]
get_path_16__write_1[3]
get_path_16__write_1[2]
get_path_16__write_1[1]
get_path_16__write_1[0]
EN_get_path_16__write
get_path_17__write_1[4]
get_path_17__write_1[3]
get_path_17__write_1[2]
get_path_17__write_1[1]
get_path_17__write_1[0]
EN_get_path_17__write
get_path_18__write_1[4]
get_path_18__write_1[3]
get_path_18__write_1[2]
get_path_18__write_1[1]
get_path_18__write_1[0]
EN_get_path_18__write
get_path_19__write_1[4]
get_path_19__write_1[3]
get_path_19__write_1[2]
get_path_19__write_1[1]
get_path_19__write_1[0]
EN_get_path_19__write
get_path_20__write_1[4]
get_path_20__write_1[3]
get_path_20__write_1[2]
get_path_20__write_1[1]
get_path_20__write_1[0]
EN_get_path_20__write
get_path_21__write_1[4]
get_path_21__write_1[3]
get_path_21__write_1[2]
get_path_21__write_1[1]
get_path_21__write_1[0]
EN_get_path_21__write
get_path_22__write_1[4]
get_path_22__write_1[3]
get_path_22__write_1[2]
get_path_22__write_1[1]
get_path_22__write_1[0]
EN_get_path_22__write
get_path_23__write_1[4]
get_path_23__write_1[3]
get_path_23__write_1[2]
get_path_23__write_1[1]
get_path_23__write_1[0]
EN_get_path_23__write
get_path_24__write_1[4]
get_path_24__write_1[3]
get_path_24__write_1[2]
get_path_24__write_1[1]
get_path_24__write_1[0]
EN_get_path_24__write
get_path_25__write_1[4]
get_path_25__write_1[3]
get_path_25__write_1[2]
get_path_25__write_1[1]
get_path_25__write_1[0]
EN_get_path_25__write
get_path_26__write_1[4]
get_path_26__write_1[3]
get_path_26__write_1[2]
get_path_26__write_1[1]
get_path_26__write_1[0]
EN_get_path_26__write
get_path_27__write_1[4]
get_path_27__write_1[3]
get_path_27__write_1[2]
get_path_27__write_1[1]
get_path_27__write_1[0]
EN_get_path_27__write
get_path_28__write_1[4]
get_path_28__write_1[3]
get_path_28__write_1[2]
get_path_28__write_1[1]
get_path_28__write_1[0]
EN_get_path_28__write
get_path_29__write_1[4]
get_path_29__write_1[3]
get_path_29__write_1[2]
get_path_29__write_1[1]
get_path_29__write_1[0]
EN_get_path_29__write
get_path_30__write_1[4]
get_path_30__write_1[3]
get_path_30__write_1[2]
get_path_30__write_1[1]
get_path_30__write_1[0]
EN_get_path_30__write
get_path_31__write_1[4]
get_path_31__write_1[3]
get_path_31__write_1[2]
get_path_31__write_1[1]
get_path_31__write_1[0]
EN_get_path_31__write
get_path_32__write_1[4]
get_path_32__write_1[3]
get_path_32__write_1[2]
get_path_32__write_1[1]
get_path_32__write_1[0]
EN_get_path_32__write
get_path_33__write_1[4]
get_path_33__write_1[3]
get_path_33__write_1[2]
get_path_33__write_1[1]
get_path_33__write_1[0]
EN_get_path_33__write
get_path_34__write_1[4]
get_path_34__write_1[3]
get_path_34__write_1[2]
get_path_34__write_1[1]
get_path_34__write_1[0]
EN_get_path_34__write
get_path_35__write_1[4]
get_path_35__write_1[3]
get_path_35__write_1[2]
get_path_35__write_1[1]
get_path_35__write_1[0]
EN_get_path_35__write
get_path_36__write_1[4]
get_path_36__write_1[3]
get_path_36__write_1[2]
get_path_36__write_1[1]
get_path_36__write_1[0]
EN_get_path_36__write
get_path_37__write_1[4]
get_path_37__write_1[3]
get_path_37__write_1[2]
get_path_37__write_1[1]
get_path_37__write_1[0]
EN_get_path_37__write
get_path_38__write_1[4]
get_path_38__write_1[3]
get_path_38__write_1[2]
get_path_38__write_1[1]
get_path_38__write_1[0]
EN_get_path_38__write
get_path_39__write_1[4]
get_path_39__write_1[3]
get_path_39__write_1[2]
get_path_39__write_1[1]
get_path_39__write_1[0]
EN_get_path_39__write
get_path_40__write_1[4]
get_path_40__write_1[3]
get_path_40__write_1[2]
get_path_40__write_1[1]
get_path_40__write_1[0]
EN_get_path_40__write
get_path_41__write_1[4]
get_path_41__write_1[3]
get_path_41__write_1[2]
get_path_41__write_1[1]
get_path_41__write_1[0]
EN_get_path_41__write
get_path_42__write_1[4]
get_path_42__write_1[3]
get_path_42__write_1[2]
get_path_42__write_1[1]
get_path_42__write_1[0]
EN_get_path_42__write
get_path_43__write_1[4]
get_path_43__write_1[3]
get_path_43__write_1[2]
get_path_43__write_1[1]
get_path_43__write_1[0]
EN_get_path_43__write
get_path_44__write_1[4]
get_path_44__write_1[3]
get_path_44__write_1[2]
get_path_44__write_1[1]
get_path_44__write_1[0]
EN_get_path_44__write
get_path_45__write_1[4]
get_path_45__write_1[3]
get_path_45__write_1[2]
get_path_45__write_1[1]
get_path_45__write_1[0]
EN_get_path_45__write
get_path_46__write_1[4]
get_path_46__write_1[3]
get_path_46__write_1[2]
get_path_46__write_1[1]
get_path_46__write_1[0]
EN_get_path_46__write
get_path_47__write_1[4]
get_path_47__write_1[3]
get_path_47__write_1[2]
get_path_47__write_1[1]
get_path_47__write_1[0]
EN_get_path_47__write
get_path_48__write_1[4]
get_path_48__write_1[3]
get_path_48__write_1[2]
get_path_48__write_1[1]
get_path_48__write_1[0]
EN_get_path_48__write
get_path_49__write_1[4]
get_path_49__write_1[3]
get_path_49__write_1[2]
get_path_49__write_1[1]
get_path_49__write_1[0]
EN_get_path_49__write
get_path_50__write_1[4]
get_path_50__write_1[3]
get_path_50__write_1[2]
get_path_50__write_1[1]
get_path_50__write_1[0]
EN_get_path_50__write
get_path_51__write_1[4]
get_path_51__write_1[3]
get_path_51__write_1[2]
get_path_51__write_1[1]
get_path_51__write_1[0]
EN_get_path_51__write
get_path_52__write_1[4]
get_path_52__write_1[3]
get_path_52__write_1[2]
get_path_52__write_1[1]
get_path_52__write_1[0]
EN_get_path_52__write
get_path_53__write_1[4]
get_path_53__write_1[3]
get_path_53__write_1[2]
get_path_53__write_1[1]
get_path_53__write_1[0]
EN_get_path_53__write
get_path_54__write_1[4]
get_path_54__write_1[3]
get_path_54__write_1[2]
get_path_54__write_1[1]
get_path_54__write_1[0]
EN_get_path_54__write
get_path_55__write_1[4]
get_path_55__write_1[3]
get_path_55__write_1[2]
get_path_55__write_1[1]
get_path_55__write_1[0]
EN_get_path_55__write
get_path_56__write_1[4]
get_path_56__write_1[3]
get_path_56__write_1[2]
get_path_56__write_1[1]
get_path_56__write_1[0]
EN_get_path_56__write
get_path_57__write_1[4]
get_path_57__write_1[3]
get_path_57__write_1[2]
get_path_57__write_1[1]
get_path_57__write_1[0]
EN_get_path_57__write
get_path_58__write_1[4]
get_path_58__write_1[3]
get_path_58__write_1[2]
get_path_58__write_1[1]
get_path_58__write_1[0]
EN_get_path_58__write
get_path_59__write_1[4]
get_path_59__write_1[3]
get_path_59__write_1[2]
get_path_59__write_1[1]
get_path_59__write_1[0]
EN_get_path_59__write
get_path_60__write_1[4]
get_path_60__write_1[3]
get_path_60__write_1[2]
get_path_60__write_1[1]
get_path_60__write_1[0]
EN_get_path_60__write
get_path_61__write_1[4]
get_path_61__write_1[3]
get_path_61__write_1[2]
get_path_61__write_1[1]
get_path_61__write_1[0]
EN_get_path_61__write
get_path_62__write_1[4]
get_path_62__write_1[3]
get_path_62__write_1[2]
get_path_62__write_1[1]
get_path_62__write_1[0]
EN_get_path_62__write
get_path_63__write_1[4]
get_path_63__write_1[3]
get_path_63__write_1[2]
get_path_63__write_1[1]
get_path_63__write_1[0]
EN_get_path_63__write

Information: Checking unconstrained_endpoints...

Warning: The following end-points are not constrained for maximum delay.

End point
---------------
adder/res_reg_31_/D
clk_gate_emission_buffer_reg/latch/D
clk_gate_n_reg_reg/latch/D
clk_gate_outcome_buffer_reg/latch/D
clk_gate_transition_buffer_reg/latch/D
emission_buffer_reg_0_/D
emission_buffer_reg_1_/D
emission_buffer_reg_2_/D
emission_buffer_reg_3_/D
emission_buffer_reg_4_/D
emission_buffer_reg_5_/D
emission_buffer_reg_6_/D
emission_buffer_reg_7_/D
emission_buffer_reg_8_/D
emission_buffer_reg_9_/D
emission_buffer_reg_10_/D
emission_buffer_reg_11_/D
emission_buffer_reg_12_/D
emission_buffer_reg_13_/D
emission_buffer_reg_14_/D
emission_buffer_reg_15_/D
emission_buffer_reg_16_/D
emission_buffer_reg_17_/D
emission_buffer_reg_18_/D
emission_buffer_reg_19_/D
emission_buffer_reg_20_/D
emission_buffer_reg_21_/D
emission_buffer_reg_22_/D
emission_buffer_reg_23_/D
emission_buffer_reg_24_/D
emission_buffer_reg_25_/D
emission_buffer_reg_26_/D
emission_buffer_reg_27_/D
emission_buffer_reg_28_/D
emission_buffer_reg_29_/D
emission_buffer_reg_30_/D
get_i_ctr[0]
get_i_ctr[1]
get_i_ctr[2]
get_i_ctr[3]
get_i_ctr[4]
get_init_done_flag
get_j_ctr[0]
get_j_ctr[1]
get_j_ctr[2]
get_j_ctr[3]
get_j_ctr[4]
get_n_and_m_loaded
get_num_obs[0]
get_num_obs[1]
get_num_obs[2]
get_num_obs[3]
get_num_obs[4]
get_num_obs[5]
get_outcome[0]
get_outcome[1]
get_outcome[2]
get_outcome[3]
get_outcome[4]
get_outcome[5]
get_outcome[6]
get_outcome[7]
get_outcome[8]
get_outcome[9]
get_outcome[10]
get_outcome[11]
get_outcome[12]
get_outcome[13]
get_outcome[14]
get_outcome[15]
get_outcome[16]
get_outcome[17]
get_outcome[18]
get_outcome[19]
get_outcome[20]
get_outcome[21]
get_outcome[22]
get_outcome[23]
get_outcome[24]
get_outcome[25]
get_outcome[26]
get_outcome[27]
get_outcome[28]
get_outcome[29]
get_outcome[30]
get_outcome[31]
get_path_0__read[0]
get_path_0__read[1]
get_path_0__read[2]
get_path_0__read[3]
get_path_0__read[4]
get_path_1__read[0]
get_path_1__read[1]
get_path_1__read[2]
get_path_1__read[3]
get_path_1__read[4]
get_path_2__read[0]
get_path_2__read[1]
get_path_2__read[2]
get_path_2__read[3]
get_path_2__read[4]
get_path_3__read[0]
get_path_3__read[1]
get_path_3__read[2]
get_path_3__read[3]
get_path_3__read[4]
get_path_4__read[0]
get_path_4__read[1]
get_path_4__read[2]
get_path_4__read[3]
get_path_4__read[4]
get_path_5__read[0]
get_path_5__read[1]
get_path_5__read[2]
get_path_5__read[3]
get_path_5__read[4]
get_path_6__read[0]
get_path_6__read[1]
get_path_6__read[2]
get_path_6__read[3]
get_path_6__read[4]
get_path_7__read[0]
get_path_7__read[1]
get_path_7__read[2]
get_path_7__read[3]
get_path_7__read[4]
get_path_8__read[0]
get_path_8__read[1]
get_path_8__read[2]
get_path_8__read[3]
get_path_8__read[4]
get_path_9__read[0]
get_path_9__read[1]
get_path_9__read[2]
get_path_9__read[3]
get_path_9__read[4]
get_path_10__read[0]
get_path_10__read[1]
get_path_10__read[2]
get_path_10__read[3]
get_path_10__read[4]
get_path_11__read[0]
get_path_11__read[1]
get_path_11__read[2]
get_path_11__read[3]
get_path_11__read[4]
get_path_12__read[0]
get_path_12__read[1]
get_path_12__read[2]
get_path_12__read[3]
get_path_12__read[4]
get_path_13__read[0]
get_path_13__read[1]
get_path_13__read[2]
get_path_13__read[3]
get_path_13__read[4]
get_path_14__read[0]
get_path_14__read[1]
get_path_14__read[2]
get_path_14__read[3]
get_path_14__read[4]
get_path_15__read[0]
get_path_15__read[1]
get_path_15__read[2]
get_path_15__read[3]
get_path_15__read[4]
get_path_16__read[0]
get_path_16__read[1]
get_path_16__read[2]
get_path_16__read[3]
get_path_16__read[4]
get_path_17__read[0]
get_path_17__read[1]
get_path_17__read[2]
get_path_17__read[3]
get_path_17__read[4]
get_path_18__read[0]
get_path_18__read[1]
get_path_18__read[2]
get_path_18__read[3]
get_path_18__read[4]
get_path_19__read[0]
get_path_19__read[1]
get_path_19__read[2]
get_path_19__read[3]
get_path_19__read[4]
get_path_20__read[0]
get_path_20__read[1]
get_path_20__read[2]
get_path_20__read[3]
get_path_20__read[4]
get_path_21__read[0]
get_path_21__read[1]
get_path_21__read[2]
get_path_21__read[3]
get_path_21__read[4]
get_path_22__read[0]
get_path_22__read[1]
get_path_22__read[2]
get_path_22__read[3]
get_path_22__read[4]
get_path_23__read[0]
get_path_23__read[1]
get_path_23__read[2]
get_path_23__read[3]
get_path_23__read[4]
get_path_24__read[0]
get_path_24__read[1]
get_path_24__read[2]
get_path_24__read[3]
get_path_24__read[4]
get_path_25__read[0]
get_path_25__read[1]
get_path_25__read[2]
get_path_25__read[3]
get_path_25__read[4]
get_path_26__read[0]
get_path_26__read[1]
get_path_26__read[2]
get_path_26__read[3]
get_path_26__read[4]
get_path_27__read[0]
get_path_27__read[1]
get_path_27__read[2]
get_path_27__read[3]
get_path_27__read[4]
get_path_28__read[0]
get_path_28__read[1]
get_path_28__read[2]
get_path_28__read[3]
get_path_28__read[4]
get_path_29__read[0]
get_path_29__read[1]
get_path_29__read[2]
get_path_29__read[3]
get_path_29__read[4]
get_path_30__read[0]
get_path_30__read[1]
get_path_30__read[2]
get_path_30__read[3]
get_path_30__read[4]
get_path_31__read[0]
get_path_31__read[1]
get_path_31__read[2]
get_path_31__read[3]
get_path_31__read[4]
get_path_32__read[0]
get_path_32__read[1]
get_path_32__read[2]
get_path_32__read[3]
get_path_32__read[4]
get_path_33__read[0]
get_path_33__read[1]
get_path_33__read[2]
get_path_33__read[3]
get_path_33__read[4]
get_path_34__read[0]
get_path_34__read[1]
get_path_34__read[2]
get_path_34__read[3]
get_path_34__read[4]
get_path_35__read[0]
get_path_35__read[1]
get_path_35__read[2]
get_path_35__read[3]
get_path_35__read[4]
get_path_36__read[0]
get_path_36__read[1]
get_path_36__read[2]
get_path_36__read[3]
get_path_36__read[4]
get_path_37__read[0]
get_path_37__read[1]
get_path_37__read[2]
get_path_37__read[3]
get_path_37__read[4]
get_path_38__read[0]
get_path_38__read[1]
get_path_38__read[2]
get_path_38__read[3]
get_path_38__read[4]
get_path_39__read[0]
get_path_39__read[1]
get_path_39__read[2]
get_path_39__read[3]
get_path_39__read[4]
get_path_40__read[0]
get_path_40__read[1]
get_path_40__read[2]
get_path_40__read[3]
get_path_40__read[4]
get_path_41__read[0]
get_path_41__read[1]
get_path_41__read[2]
get_path_41__read[3]
get_path_41__read[4]
get_path_42__read[0]
get_path_42__read[1]
get_path_42__read[2]
get_path_42__read[3]
get_path_42__read[4]
get_path_43__read[0]
get_path_43__read[1]
get_path_43__read[2]
get_path_43__read[3]
get_path_43__read[4]
get_path_44__read[0]
get_path_44__read[1]
get_path_44__read[2]
get_path_44__read[3]
get_path_44__read[4]
get_path_45__read[0]
get_path_45__read[1]
get_path_45__read[2]
get_path_45__read[3]
get_path_45__read[4]
get_path_46__read[0]
get_path_46__read[1]
get_path_46__read[2]
get_path_46__read[3]
get_path_46__read[4]
get_path_47__read[0]
get_path_47__read[1]
get_path_47__read[2]
get_path_47__read[3]
get_path_47__read[4]
get_path_48__read[0]
get_path_48__read[1]
get_path_48__read[2]
get_path_48__read[3]
get_path_48__read[4]
get_path_49__read[0]
get_path_49__read[1]
get_path_49__read[2]
get_path_49__read[3]
get_path_49__read[4]
get_path_50__read[0]
get_path_50__read[1]
get_path_50__read[2]
get_path_50__read[3]
get_path_50__read[4]
get_path_51__read[0]
get_path_51__read[1]
get_path_51__read[2]
get_path_51__read[3]
get_path_51__read[4]
get_path_52__read[0]
get_path_52__read[1]
get_path_52__read[2]
get_path_52__read[3]
get_path_52__read[4]
get_path_53__read[0]
get_path_53__read[1]
get_path_53__read[2]
get_path_53__read[3]
get_path_53__read[4]
get_path_54__read[0]
get_path_54__read[1]
get_path_54__read[2]
get_path_54__read[3]
get_path_54__read[4]
get_path_55__read[0]
get_path_55__read[1]
get_path_55__read[2]
get_path_55__read[3]
get_path_55__read[4]
get_path_56__read[0]
get_path_56__read[1]
get_path_56__read[2]
get_path_56__read[3]
get_path_56__read[4]
get_path_57__read[0]
get_path_57__read[1]
get_path_57__read[2]
get_path_57__read[3]
get_path_57__read[4]
get_path_58__read[0]
get_path_58__read[1]
get_path_58__read[2]
get_path_58__read[3]
get_path_58__read[4]
get_path_59__read[0]
get_path_59__read[1]
get_path_59__read[2]
get_path_59__read[3]
get_path_59__read[4]
get_path_60__read[0]
get_path_60__read[1]
get_path_60__read[2]
get_path_60__read[3]
get_path_60__read[4]
get_path_61__read[0]
get_path_61__read[1]
get_path_61__read[2]
get_path_61__read[3]
get_path_61__read[4]
get_path_62__read[0]
get_path_62__read[1]
get_path_62__read[2]
get_path_62__read[3]
get_path_62__read[4]
get_path_63__read[0]
get_path_63__read[1]
get_path_63__read[2]
get_path_63__read[3]
get_path_63__read[4]
get_print_state[0]
get_print_state[1]
get_probab[0]
get_probab[1]
get_probab[2]
get_probab[3]
get_probab[4]
get_probab[5]
get_probab[6]
get_probab[7]
get_probab[8]
get_probab[9]
get_probab[10]
get_probab[11]
get_probab[12]
get_probab[13]
get_probab[14]
get_probab[15]
get_probab[16]
get_probab[17]
get_probab[18]
get_probab[19]
get_probab[20]
get_probab[21]
get_probab[22]
get_probab[23]
get_probab[24]
get_probab[25]
get_probab[26]
get_probab[27]
get_probab[28]
get_probab[29]
get_probab[30]
get_probab[31]
get_read_emission
get_read_outcome
get_read_transition
get_reset_decoder
n_and_m_loaded_reg/D
n_reg_reg_0_/D
n_reg_reg_1_/D
n_reg_reg_2_/D
n_reg_reg_3_/D
n_reg_reg_4_/D
outcome_buffer_reg_0_/D
outcome_buffer_reg_1_/D
outcome_buffer_reg_2_/D
outcome_buffer_reg_3_/D
outcome_buffer_reg_4_/D
outcome_buffer_reg_5_/D
outcome_buffer_reg_6_/D
outcome_buffer_reg_7_/D
outcome_buffer_reg_8_/D
outcome_buffer_reg_9_/D
outcome_buffer_reg_10_/D
outcome_buffer_reg_11_/D
outcome_buffer_reg_12_/D
outcome_buffer_reg_13_/D
outcome_buffer_reg_14_/D
outcome_buffer_reg_15_/D
outcome_buffer_reg_16_/D
outcome_buffer_reg_17_/D
outcome_buffer_reg_18_/D
outcome_buffer_reg_19_/D
outcome_buffer_reg_20_/D
outcome_buffer_reg_21_/D
outcome_buffer_reg_22_/D
outcome_buffer_reg_23_/D
outcome_buffer_reg_24_/D
outcome_buffer_reg_25_/D
outcome_buffer_reg_26_/D
outcome_buffer_reg_27_/D
outcome_buffer_reg_28_/D
outcome_buffer_reg_29_/D
outcome_buffer_reg_30_/D
outcome_buffer_reg_31_/D
read_outcome_idx[0]
read_outcome_idx[1]
read_outcome_idx[2]
read_outcome_idx[3]
read_outcome_idx[4]
read_outcome_idx[5]
read_outcome_idx[6]
read_outcome_idx[7]
read_outcome_idx[8]
read_outcome_idx[9]
transition_buffer_reg_0_/D
transition_buffer_reg_1_/D
transition_buffer_reg_2_/D
transition_buffer_reg_3_/D
transition_buffer_reg_4_/D
transition_buffer_reg_5_/D
transition_buffer_reg_6_/D
transition_buffer_reg_7_/D
transition_buffer_reg_8_/D
transition_buffer_reg_9_/D
transition_buffer_reg_10_/D
transition_buffer_reg_11_/D
transition_buffer_reg_12_/D
transition_buffer_reg_13_/D
transition_buffer_reg_14_/D
transition_buffer_reg_15_/D
transition_buffer_reg_16_/D
transition_buffer_reg_17_/D
transition_buffer_reg_18_/D
transition_buffer_reg_19_/D
transition_buffer_reg_20_/D
transition_buffer_reg_21_/D
transition_buffer_reg_22_/D
transition_buffer_reg_23_/D
transition_buffer_reg_24_/D
transition_buffer_reg_25_/D
transition_buffer_reg_26_/D
transition_buffer_reg_27_/D
transition_buffer_reg_28_/D
transition_buffer_reg_29_/D
transition_buffer_reg_30_/D

Information: Checking pulse_clock_cell_type...

Information: Checking no_driving_cell...

Information: Checking partial_input_delay...
1
