
Information: Checking generated_clocks...

Information: Checking loops...

Information: Checking no_input_delay...
Warning: The following input ports have no clock_relative delay specified, the command set_input_delay without -clock option will be ignored. (TIM-216)
--------------------
RST_N
n_and_m_load_n[4]
n_and_m_load_n[3]
n_and_m_load_n[2]
n_and_m_load_n[1]
n_and_m_load_n[0]
EN_n_and_m_load
send_transition_data_data[30]
send_transition_data_data[29]
send_transition_data_data[28]
send_transition_data_data[27]
send_transition_data_data[26]
send_transition_data_data[25]
send_transition_data_data[24]
send_transition_data_data[23]
send_transition_data_data[22]
send_transition_data_data[21]
send_transition_data_data[20]
send_transition_data_data[19]
send_transition_data_data[18]
send_transition_data_data[17]
send_transition_data_data[16]
send_transition_data_data[15]
send_transition_data_data[14]
send_transition_data_data[13]
send_transition_data_data[12]
send_transition_data_data[11]
send_transition_data_data[10]
send_transition_data_data[9]
send_transition_data_data[8]
send_transition_data_data[7]
send_transition_data_data[6]
send_transition_data_data[5]
send_transition_data_data[4]
send_transition_data_data[3]
send_transition_data_data[2]
send_transition_data_data[1]
send_transition_data_data[0]
EN_send_transition_data
send_emission_data_data[30]
send_emission_data_data[29]
send_emission_data_data[28]
send_emission_data_data[27]
send_emission_data_data[26]
send_emission_data_data[25]
send_emission_data_data[24]
send_emission_data_data[23]
send_emission_data_data[22]
send_emission_data_data[21]
send_emission_data_data[20]
send_emission_data_data[19]
send_emission_data_data[18]
send_emission_data_data[17]
send_emission_data_data[16]
send_emission_data_data[15]
send_emission_data_data[14]
send_emission_data_data[13]
send_emission_data_data[12]
send_emission_data_data[11]
send_emission_data_data[10]
send_emission_data_data[9]
send_emission_data_data[8]
send_emission_data_data[7]
send_emission_data_data[6]
send_emission_data_data[5]
send_emission_data_data[4]
send_emission_data_data[3]
send_emission_data_data[2]
send_emission_data_data[1]
send_emission_data_data[0]
EN_send_emission_data
send_outcome_data_data[31]
send_outcome_data_data[30]
send_outcome_data_data[29]
send_outcome_data_data[28]
send_outcome_data_data[27]
send_outcome_data_data[26]
send_outcome_data_data[25]
send_outcome_data_data[24]
send_outcome_data_data[23]
send_outcome_data_data[22]
send_outcome_data_data[21]
send_outcome_data_data[20]
send_outcome_data_data[19]
send_outcome_data_data[18]
send_outcome_data_data[17]
send_outcome_data_data[16]
send_outcome_data_data[15]
send_outcome_data_data[14]
send_outcome_data_data[13]
send_outcome_data_data[12]
send_outcome_data_data[11]
send_outcome_data_data[10]
send_outcome_data_data[9]
send_outcome_data_data[8]
send_outcome_data_data[7]
send_outcome_data_data[6]
send_outcome_data_data[5]
send_outcome_data_data[4]
send_outcome_data_data[3]
send_outcome_data_data[2]
send_outcome_data_data[1]
send_outcome_data_data[0]
EN_send_outcome_data
set_read_transition_val
EN_set_read_transition
send_bt_data_data[4]
send_bt_data_data[3]
send_bt_data_data[2]
send_bt_data_data[1]
send_bt_data_data[0]
EN_send_bt_data
send_prev_data_data[31]
send_prev_data_data[30]
send_prev_data_data[29]
send_prev_data_data[28]
send_prev_data_data[27]
send_prev_data_data[26]
send_prev_data_data[25]
send_prev_data_data[24]
send_prev_data_data[23]
send_prev_data_data[22]
send_prev_data_data[21]
send_prev_data_data[20]
send_prev_data_data[19]
send_prev_data_data[18]
send_prev_data_data[17]
send_prev_data_data[16]
send_prev_data_data[15]
send_prev_data_data[14]
send_prev_data_data[13]
send_prev_data_data[12]
send_prev_data_data[11]
send_prev_data_data[10]
send_prev_data_data[9]
send_prev_data_data[8]
send_prev_data_data[7]
send_prev_data_data[6]
send_prev_data_data[5]
send_prev_data_data[4]
send_prev_data_data[3]
send_prev_data_data[2]
send_prev_data_data[1]
send_prev_data_data[0]
EN_send_prev_data
send_curr_data_data[31]
send_curr_data_data[30]
send_curr_data_data[29]
send_curr_data_data[28]
send_curr_data_data[27]
send_curr_data_data[26]
send_curr_data_data[25]
send_curr_data_data[24]
send_curr_data_data[23]
send_curr_data_data[22]
send_curr_data_data[21]
send_curr_data_data[20]
send_curr_data_data[19]
send_curr_data_data[18]
send_curr_data_data[17]
send_curr_data_data[16]
send_curr_data_data[15]
send_curr_data_data[14]
send_curr_data_data[13]
send_curr_data_data[12]
send_curr_data_data[11]
send_curr_data_data[10]
send_curr_data_data[9]
send_curr_data_data[8]
send_curr_data_data[7]
send_curr_data_data[6]
send_curr_data_data[5]
send_curr_data_data[4]
send_curr_data_data[3]
send_curr_data_data[2]
send_curr_data_data[1]
send_curr_data_data[0]
EN_send_curr_data

Information: Checking unconstrained_endpoints...

Warning: The following end-points are not constrained for maximum delay.

End point
---------------
adder/res_reg_31_/D
bt_buffer_reg_0_/D
bt_buffer_reg_1_/D
bt_buffer_reg_2_/D
bt_buffer_reg_3_/D
bt_buffer_reg_4_/D
clk_gate_bt_buffer_reg/latch/D
clk_gate_emission_buffer_reg/latch/D
clk_gate_n_reg_reg/latch/D
clk_gate_outcome_buffer_reg/latch/D
clk_gate_transition_buffer_reg/latch/D
emission_buffer_reg_0_/D
emission_buffer_reg_1_/D
emission_buffer_reg_2_/D
emission_buffer_reg_3_/D
emission_buffer_reg_4_/D
emission_buffer_reg_5_/D
emission_buffer_reg_6_/D
emission_buffer_reg_7_/D
emission_buffer_reg_8_/D
emission_buffer_reg_9_/D
emission_buffer_reg_10_/D
emission_buffer_reg_11_/D
emission_buffer_reg_12_/D
emission_buffer_reg_13_/D
emission_buffer_reg_14_/D
emission_buffer_reg_15_/D
emission_buffer_reg_16_/D
emission_buffer_reg_17_/D
emission_buffer_reg_18_/D
emission_buffer_reg_19_/D
emission_buffer_reg_20_/D
emission_buffer_reg_21_/D
emission_buffer_reg_22_/D
emission_buffer_reg_23_/D
emission_buffer_reg_24_/D
emission_buffer_reg_25_/D
emission_buffer_reg_26_/D
emission_buffer_reg_27_/D
emission_buffer_reg_28_/D
emission_buffer_reg_29_/D
emission_buffer_reg_30_/D
get_bt_t_ctr[0]
get_bt_t_ctr[1]
get_bt_t_ctr[2]
get_bt_t_ctr[3]
get_bt_t_ctr[4]
get_bt_t_ctr[5]
get_bt_t_ctr[6]
get_bt_t_ctr[7]
get_bt_t_ctr[8]
get_bt_t_ctr[9]
get_curr_buffer[0]
get_curr_buffer[1]
get_curr_buffer[2]
get_curr_buffer[3]
get_curr_buffer[4]
get_curr_buffer[5]
get_curr_buffer[6]
get_curr_buffer[7]
get_curr_buffer[8]
get_curr_buffer[9]
get_curr_buffer[10]
get_curr_buffer[11]
get_curr_buffer[12]
get_curr_buffer[13]
get_curr_buffer[14]
get_curr_buffer[15]
get_curr_buffer[16]
get_curr_buffer[17]
get_curr_buffer[18]
get_curr_buffer[19]
get_curr_buffer[20]
get_curr_buffer[21]
get_curr_buffer[22]
get_curr_buffer[23]
get_curr_buffer[24]
get_curr_buffer[25]
get_curr_buffer[26]
get_curr_buffer[27]
get_curr_buffer[28]
get_curr_buffer[29]
get_curr_buffer[30]
get_curr_buffer[31]
get_i_ctr[0]
get_i_ctr[1]
get_i_ctr[2]
get_i_ctr[3]
get_i_ctr[4]
get_init_done_flag
get_j_ctr[0]
get_j_ctr[1]
get_j_ctr[2]
get_j_ctr[3]
get_j_ctr[4]
get_max_stage_reg[0]
get_max_stage_reg[1]
get_max_stage_reg[2]
get_max_stage_reg[3]
get_max_stage_reg[4]
get_n_and_m_loaded
get_num_obs[0]
get_num_obs[1]
get_num_obs[2]
get_num_obs[3]
get_num_obs[4]
get_num_obs[5]
get_outcome[0]
get_outcome[1]
get_outcome[2]
get_outcome[3]
get_outcome[4]
get_outcome[5]
get_outcome[6]
get_outcome[7]
get_outcome[8]
get_outcome[9]
get_outcome[10]
get_outcome[11]
get_outcome[12]
get_outcome[13]
get_outcome[14]
get_outcome[15]
get_outcome[16]
get_outcome[17]
get_outcome[18]
get_outcome[19]
get_outcome[20]
get_outcome[21]
get_outcome[22]
get_outcome[23]
get_outcome[24]
get_outcome[25]
get_outcome[26]
get_outcome[27]
get_outcome[28]
get_outcome[29]
get_outcome[30]
get_outcome[31]
get_path_buffer[0]
get_path_buffer[1]
get_path_buffer[2]
get_path_buffer[3]
get_path_buffer[4]
get_path_ready
get_prev_buffer[0]
get_prev_buffer[1]
get_prev_buffer[2]
get_prev_buffer[3]
get_prev_buffer[4]
get_prev_buffer[5]
get_prev_buffer[6]
get_prev_buffer[7]
get_prev_buffer[8]
get_prev_buffer[9]
get_prev_buffer[10]
get_prev_buffer[11]
get_prev_buffer[12]
get_prev_buffer[13]
get_prev_buffer[14]
get_prev_buffer[15]
get_prev_buffer[16]
get_prev_buffer[17]
get_prev_buffer[18]
get_prev_buffer[19]
get_prev_buffer[20]
get_prev_buffer[21]
get_prev_buffer[22]
get_prev_buffer[23]
get_prev_buffer[24]
get_prev_buffer[25]
get_prev_buffer[26]
get_prev_buffer[27]
get_prev_buffer[28]
get_prev_buffer[29]
get_prev_buffer[30]
get_prev_buffer[31]
get_print_state[0]
get_print_state[1]
get_probab[0]
get_probab[1]
get_probab[2]
get_probab[3]
get_probab[4]
get_probab[5]
get_probab[6]
get_probab[7]
get_probab[8]
get_probab[9]
get_probab[10]
get_probab[11]
get_probab[12]
get_probab[13]
get_probab[14]
get_probab[15]
get_probab[16]
get_probab[17]
get_probab[18]
get_probab[19]
get_probab[20]
get_probab[21]
get_probab[22]
get_probab[23]
get_probab[24]
get_probab[25]
get_probab[26]
get_probab[27]
get_probab[28]
get_probab[29]
get_probab[30]
get_probab[31]
get_read_bt
get_read_curr
get_read_emission
get_read_outcome
get_read_prev
get_read_transition
get_reset_decoder
get_switch_prev_curr
get_write_to_bt_flag
get_write_to_curr_flag
get_write_to_prev_flag
n_and_m_loaded_reg/D
n_reg_reg_0_/D
n_reg_reg_1_/D
n_reg_reg_2_/D
n_reg_reg_3_/D
n_reg_reg_4_/D
outcome_buffer_reg_0_/D
outcome_buffer_reg_1_/D
outcome_buffer_reg_2_/D
outcome_buffer_reg_3_/D
outcome_buffer_reg_4_/D
outcome_buffer_reg_5_/D
outcome_buffer_reg_6_/D
outcome_buffer_reg_7_/D
outcome_buffer_reg_8_/D
outcome_buffer_reg_9_/D
outcome_buffer_reg_10_/D
outcome_buffer_reg_11_/D
outcome_buffer_reg_12_/D
outcome_buffer_reg_13_/D
outcome_buffer_reg_14_/D
outcome_buffer_reg_15_/D
outcome_buffer_reg_16_/D
outcome_buffer_reg_17_/D
outcome_buffer_reg_18_/D
outcome_buffer_reg_19_/D
outcome_buffer_reg_20_/D
outcome_buffer_reg_21_/D
outcome_buffer_reg_22_/D
outcome_buffer_reg_23_/D
outcome_buffer_reg_24_/D
outcome_buffer_reg_25_/D
outcome_buffer_reg_26_/D
outcome_buffer_reg_27_/D
outcome_buffer_reg_28_/D
outcome_buffer_reg_29_/D
outcome_buffer_reg_30_/D
outcome_buffer_reg_31_/D
read_outcome_idx[0]
read_outcome_idx[1]
read_outcome_idx[2]
read_outcome_idx[3]
read_outcome_idx[4]
read_outcome_idx[5]
read_outcome_idx[6]
read_outcome_idx[7]
read_outcome_idx[8]
read_outcome_idx[9]
transition_buffer_reg_0_/D
transition_buffer_reg_1_/D
transition_buffer_reg_2_/D
transition_buffer_reg_3_/D
transition_buffer_reg_4_/D
transition_buffer_reg_5_/D
transition_buffer_reg_6_/D
transition_buffer_reg_7_/D
transition_buffer_reg_8_/D
transition_buffer_reg_9_/D
transition_buffer_reg_10_/D
transition_buffer_reg_11_/D
transition_buffer_reg_12_/D
transition_buffer_reg_13_/D
transition_buffer_reg_14_/D
transition_buffer_reg_15_/D
transition_buffer_reg_16_/D
transition_buffer_reg_17_/D
transition_buffer_reg_18_/D
transition_buffer_reg_19_/D
transition_buffer_reg_20_/D
transition_buffer_reg_21_/D
transition_buffer_reg_22_/D
transition_buffer_reg_23_/D
transition_buffer_reg_24_/D
transition_buffer_reg_25_/D
transition_buffer_reg_26_/D
transition_buffer_reg_27_/D
transition_buffer_reg_28_/D
transition_buffer_reg_29_/D
transition_buffer_reg_30_/D

Information: Checking pulse_clock_cell_type...

Information: Checking no_driving_cell...

Information: Checking partial_input_delay...
1
